// Jest Snapshot v1, https://goo.gl/fbAQLP

exports[`should match with snapshot 1`] = `
Array [
  <nav>
    <ul>
      <li>
        <a
          aria-label="portfolio link"
          href="https://portfolio.wademegan.now.sh/"
          rel="noopener noreferrer"
          target="_blank"
        >
          <img
            src="white-logo.png"
          />
        </a>
      </li>
      <li>
        <a
          aria-label="linkedin link"
          href="https://www.linkedin.com/in/megan-wade-909129124/"
          rel="noopener noreferrer"
          target="_blank"
        >
          <i
            className="fab fa-linkedin-in fa-2x"
          />
        </a>
      </li>
      <li>
        <a
          aria-label="github link"
          href="https://github.com/WadeMegan"
          rel="noopener noreferrer"
          target="_blank"
        >
          <i
            className="fab fa-github fa-2x"
          />
        </a>
      </li>
    </ul>
  </nav>,
  <main>
    <section
      className="chartSection"
    >
      <header>
        <h1>
          S&P 500 Returns by Year
        </h1>
      </header>
      <div
        className="rc-slider rc-slider-with-marks range"
        onBlur={[Function]}
        onFocus={[Function]}
        onKeyDown={[Function]}
        onMouseDown={[Function]}
        onMouseUp={[Function]}
        onTouchStart={[Function]}
      >
        <div
          className="rc-slider-rail"
          style={Object {}}
        />
        <div
          className="rc-slider-track rc-slider-track-1"
          style={
            Object {
              "left": "0%",
              "right": "auto",
              "width": "100%",
            }
          }
        />
        <div
          className="rc-slider-step"
        >
          <span
            className="rc-slider-dot rc-slider-dot-active"
            style={
              Object {
                "left": "0%",
              }
            }
          />
          <span
            className="rc-slider-dot rc-slider-dot-active"
            style={
              Object {
                "left": "100%",
              }
            }
          />
        </div>
        <div
          aria-disabled={false}
          aria-valuemax={2019}
          aria-valuemin={1926}
          aria-valuenow={1926}
          className="rc-slider-handle rc-slider-handle-1"
          onBlur={[Function]}
          onKeyDown={[Function]}
          onMouseDown={[Function]}
          role="slider"
          style={
            Object {
              "left": "0%",
              "right": "auto",
              "transform": "translateX(-50%)",
            }
          }
          tabIndex={0}
        />
        <div
          aria-disabled={false}
          aria-valuemax={2019}
          aria-valuemin={1926}
          aria-valuenow={2019}
          className="rc-slider-handle rc-slider-handle-2"
          onBlur={[Function]}
          onKeyDown={[Function]}
          onMouseDown={[Function]}
          role="slider"
          style={
            Object {
              "left": "100%",
              "right": "auto",
              "transform": "translateX(-50%)",
            }
          }
          tabIndex={0}
        />
        <div
          className="rc-slider-mark"
        >
          <span
            className="rc-slider-mark-text rc-slider-mark-text-active"
            onMouseDown={[Function]}
            onTouchStart={[Function]}
            style={
              Object {
                "display": "block",
                "left": "0%",
                "msTransform": "translateX(-50%)",
                "transform": "translateX(-50%)",
              }
            }
          >
            1926
          </span>
          <span
            className="rc-slider-mark-text rc-slider-mark-text-active"
            onMouseDown={[Function]}
            onTouchStart={[Function]}
            style={
              Object {
                "display": "block",
                "left": "100%",
                "msTransform": "translateX(-50%)",
                "transform": "translateX(-50%)",
              }
            }
          >
            2019
          </span>
        </div>
      </div>
      <table>
        <thead>
          <tr
            className="tr-border"
          >
            <th>
              Year
            </th>
            <th>
              Total Return
            </th>
            <th>
              Cumulative Return
            </th>
          </tr>
        </thead>
        <tbody>
          <tr
            className="hoverableTr"
          >
            <td>
              1926
            </td>
            <td
              className=""
            >
              11.62
            </td>
            <td
              className=""
            >
              11.62
            </td>
          </tr>
          <tr
            className="hoverableTr"
          >
            <td>
              1927
            </td>
            <td
              className=""
            >
              37.49
            </td>
            <td
              className=""
            >
              49.11
            </td>
          </tr>
          <tr
            className="hoverableTr"
          >
            <td>
              1928
            </td>
            <td
              className=""
            >
              43.61
            </td>
            <td
              className=""
            >
              92.72
            </td>
          </tr>
          <tr
            className="hoverableTr"
          >
            <td>
              1929
            </td>
            <td
              className="negativeValue"
            >
              -8.42
            </td>
            <td
              className=""
            >
              84.30
            </td>
          </tr>
          <tr
            className="hoverableTr"
          >
            <td>
              1930
            </td>
            <td
              className="negativeValue"
            >
              -24.90
            </td>
            <td
              className=""
            >
              59.40
            </td>
          </tr>
          <tr
            className="hoverableTr"
          >
            <td>
              1931
            </td>
            <td
              className="negativeValue"
            >
              -43.34
            </td>
            <td
              className=""
            >
              16.06
            </td>
          </tr>
          <tr
            className="hoverableTr"
          >
            <td>
              1932
            </td>
            <td
              className="negativeValue"
            >
              -8.19
            </td>
            <td
              className=""
            >
              7.87
            </td>
          </tr>
          <tr
            className="hoverableTr"
          >
            <td>
              1933
            </td>
            <td
              className=""
            >
              53.99
            </td>
            <td
              className=""
            >
              61.86
            </td>
          </tr>
          <tr
            className="hoverableTr"
          >
            <td>
              1934
            </td>
            <td
              className="negativeValue"
            >
              -1.44
            </td>
            <td
              className=""
            >
              60.42
            </td>
          </tr>
          <tr
            className="hoverableTr"
          >
            <td>
              1935
            </td>
            <td
              className=""
            >
              47.67
            </td>
            <td
              className=""
            >
              108.09
            </td>
          </tr>
          <tr
            className="hoverableTr"
          >
            <td>
              1936
            </td>
            <td
              className=""
            >
              33.92
            </td>
            <td
              className=""
            >
              142.01
            </td>
          </tr>
          <tr
            className="hoverableTr"
          >
            <td>
              1937
            </td>
            <td
              className="negativeValue"
            >
              -35.03
            </td>
            <td
              className=""
            >
              106.98
            </td>
          </tr>
          <tr
            className="hoverableTr"
          >
            <td>
              1938
            </td>
            <td
              className=""
            >
              31.12
            </td>
            <td
              className=""
            >
              138.10
            </td>
          </tr>
          <tr
            className="hoverableTr"
          >
            <td>
              1939
            </td>
            <td
              className="negativeValue"
            >
              -0.41
            </td>
            <td
              className=""
            >
              137.69
            </td>
          </tr>
          <tr
            className="hoverableTr"
          >
            <td>
              1940
            </td>
            <td
              className="negativeValue"
            >
              -9.78
            </td>
            <td
              className=""
            >
              127.91
            </td>
          </tr>
          <tr
            className="hoverableTr"
          >
            <td>
              1941
            </td>
            <td
              className="negativeValue"
            >
              -11.59
            </td>
            <td
              className=""
            >
              116.32
            </td>
          </tr>
          <tr
            className="hoverableTr"
          >
            <td>
              1942
            </td>
            <td
              className=""
            >
              20.34
            </td>
            <td
              className=""
            >
              136.66
            </td>
          </tr>
          <tr
            className="hoverableTr"
          >
            <td>
              1943
            </td>
            <td
              className=""
            >
              25.90
            </td>
            <td
              className=""
            >
              162.56
            </td>
          </tr>
          <tr
            className="hoverableTr"
          >
            <td>
              1944
            </td>
            <td
              className=""
            >
              19.75
            </td>
            <td
              className=""
            >
              182.31
            </td>
          </tr>
          <tr
            className="hoverableTr"
          >
            <td>
              1945
            </td>
            <td
              className=""
            >
              36.44
            </td>
            <td
              className=""
            >
              218.75
            </td>
          </tr>
          <tr
            className="hoverableTr"
          >
            <td>
              1946
            </td>
            <td
              className="negativeValue"
            >
              -8.07
            </td>
            <td
              className=""
            >
              210.68
            </td>
          </tr>
          <tr
            className="hoverableTr"
          >
            <td>
              1947
            </td>
            <td
              className=""
            >
              5.71
            </td>
            <td
              className=""
            >
              216.39
            </td>
          </tr>
          <tr
            className="hoverableTr"
          >
            <td>
              1948
            </td>
            <td
              className=""
            >
              5.50
            </td>
            <td
              className=""
            >
              221.89
            </td>
          </tr>
          <tr
            className="hoverableTr"
          >
            <td>
              1949
            </td>
            <td
              className=""
            >
              18.79
            </td>
            <td
              className=""
            >
              240.68
            </td>
          </tr>
          <tr
            className="hoverableTr"
          >
            <td>
              1950
            </td>
            <td
              className=""
            >
              31.71
            </td>
            <td
              className=""
            >
              272.39
            </td>
          </tr>
          <tr
            className="hoverableTr"
          >
            <td>
              1951
            </td>
            <td
              className=""
            >
              24.02
            </td>
            <td
              className=""
            >
              296.41
            </td>
          </tr>
          <tr
            className="hoverableTr"
          >
            <td>
              1952
            </td>
            <td
              className=""
            >
              18.37
            </td>
            <td
              className=""
            >
              314.78
            </td>
          </tr>
          <tr
            className="hoverableTr"
          >
            <td>
              1953
            </td>
            <td
              className="negativeValue"
            >
              -0.99
            </td>
            <td
              className=""
            >
              313.79
            </td>
          </tr>
          <tr
            className="hoverableTr"
          >
            <td>
              1954
            </td>
            <td
              className=""
            >
              52.62
            </td>
            <td
              className=""
            >
              366.41
            </td>
          </tr>
          <tr
            className="hoverableTr"
          >
            <td>
              1955
            </td>
            <td
              className=""
            >
              31.56
            </td>
            <td
              className=""
            >
              397.97
            </td>
          </tr>
          <tr
            className="hoverableTr"
          >
            <td>
              1956
            </td>
            <td
              className=""
            >
              6.56
            </td>
            <td
              className=""
            >
              404.53
            </td>
          </tr>
          <tr
            className="hoverableTr"
          >
            <td>
              1957
            </td>
            <td
              className="negativeValue"
            >
              -10.78
            </td>
            <td
              className=""
            >
              393.75
            </td>
          </tr>
          <tr
            className="hoverableTr"
          >
            <td>
              1958
            </td>
            <td
              className=""
            >
              43.36
            </td>
            <td
              className=""
            >
              437.11
            </td>
          </tr>
          <tr
            className="hoverableTr"
          >
            <td>
              1959
            </td>
            <td
              className=""
            >
              11.96
            </td>
            <td
              className=""
            >
              449.07
            </td>
          </tr>
          <tr
            className="hoverableTr"
          >
            <td>
              1960
            </td>
            <td
              className=""
            >
              0.47
            </td>
            <td
              className=""
            >
              449.54
            </td>
          </tr>
          <tr
            className="hoverableTr"
          >
            <td>
              1961
            </td>
            <td
              className=""
            >
              26.89
            </td>
            <td
              className=""
            >
              476.43
            </td>
          </tr>
          <tr
            className="hoverableTr"
          >
            <td>
              1962
            </td>
            <td
              className="negativeValue"
            >
              -8.73
            </td>
            <td
              className=""
            >
              467.70
            </td>
          </tr>
          <tr
            className="hoverableTr"
          >
            <td>
              1963
            </td>
            <td
              className=""
            >
              22.80
            </td>
            <td
              className=""
            >
              490.50
            </td>
          </tr>
          <tr
            className="hoverableTr"
          >
            <td>
              1964
            </td>
            <td
              className=""
            >
              16.48
            </td>
            <td
              className=""
            >
              506.98
            </td>
          </tr>
          <tr
            className="hoverableTr"
          >
            <td>
              1965
            </td>
            <td
              className=""
            >
              12.45
            </td>
            <td
              className=""
            >
              519.43
            </td>
          </tr>
          <tr
            className="hoverableTr"
          >
            <td>
              1966
            </td>
            <td
              className="negativeValue"
            >
              -10.06
            </td>
            <td
              className=""
            >
              509.37
            </td>
          </tr>
          <tr
            className="hoverableTr"
          >
            <td>
              1967
            </td>
            <td
              className=""
            >
              23.98
            </td>
            <td
              className=""
            >
              533.35
            </td>
          </tr>
          <tr
            className="hoverableTr"
          >
            <td>
              1968
            </td>
            <td
              className=""
            >
              11.06
            </td>
            <td
              className=""
            >
              544.41
            </td>
          </tr>
          <tr
            className="hoverableTr"
          >
            <td>
              1969
            </td>
            <td
              className="negativeValue"
            >
              -8.50
            </td>
            <td
              className=""
            >
              535.91
            </td>
          </tr>
          <tr
            className="hoverableTr"
          >
            <td>
              1970
            </td>
            <td
              className=""
            >
              4.01
            </td>
            <td
              className=""
            >
              539.92
            </td>
          </tr>
          <tr
            className="hoverableTr"
          >
            <td>
              1971
            </td>
            <td
              className=""
            >
              14.31
            </td>
            <td
              className=""
            >
              554.23
            </td>
          </tr>
          <tr
            className="hoverableTr"
          >
            <td>
              1972
            </td>
            <td
              className=""
            >
              18.98
            </td>
            <td
              className=""
            >
              573.21
            </td>
          </tr>
          <tr
            className="hoverableTr"
          >
            <td>
              1973
            </td>
            <td
              className="negativeValue"
            >
              -14.66
            </td>
            <td
              className=""
            >
              558.55
            </td>
          </tr>
          <tr
            className="hoverableTr"
          >
            <td>
              1974
            </td>
            <td
              className="negativeValue"
            >
              -26.47
            </td>
            <td
              className=""
            >
              532.08
            </td>
          </tr>
          <tr
            className="hoverableTr"
          >
            <td>
              1975
            </td>
            <td
              className=""
            >
              37.20
            </td>
            <td
              className=""
            >
              569.28
            </td>
          </tr>
          <tr
            className="hoverableTr"
          >
            <td>
              1976
            </td>
            <td
              className=""
            >
              23.84
            </td>
            <td
              className=""
            >
              593.12
            </td>
          </tr>
          <tr
            className="hoverableTr"
          >
            <td>
              1977
            </td>
            <td
              className="negativeValue"
            >
              -7.18
            </td>
            <td
              className=""
            >
              585.94
            </td>
          </tr>
          <tr
            className="hoverableTr"
          >
            <td>
              1978
            </td>
            <td
              className=""
            >
              6.56
            </td>
            <td
              className=""
            >
              592.50
            </td>
          </tr>
          <tr
            className="hoverableTr"
          >
            <td>
              1979
            </td>
            <td
              className=""
            >
              18.44
            </td>
            <td
              className=""
            >
              610.94
            </td>
          </tr>
          <tr
            className="hoverableTr"
          >
            <td>
              1980
            </td>
            <td
              className=""
            >
              32.42
            </td>
            <td
              className=""
            >
              643.36
            </td>
          </tr>
          <tr
            className="hoverableTr"
          >
            <td>
              1981
            </td>
            <td
              className="negativeValue"
            >
              -4.91
            </td>
            <td
              className=""
            >
              638.45
            </td>
          </tr>
          <tr
            className="hoverableTr"
          >
            <td>
              1982
            </td>
            <td
              className=""
            >
              21.55
            </td>
            <td
              className=""
            >
              660.00
            </td>
          </tr>
          <tr
            className="hoverableTr"
          >
            <td>
              1983
            </td>
            <td
              className=""
            >
              22.56
            </td>
            <td
              className=""
            >
              682.56
            </td>
          </tr>
          <tr
            className="hoverableTr"
          >
            <td>
              1984
            </td>
            <td
              className=""
            >
              6.27
            </td>
            <td
              className=""
            >
              688.83
            </td>
          </tr>
          <tr
            className="hoverableTr"
          >
            <td>
              1985
            </td>
            <td
              className=""
            >
              31.73
            </td>
            <td
              className=""
            >
              720.56
            </td>
          </tr>
          <tr
            className="hoverableTr"
          >
            <td>
              1986
            </td>
            <td
              className=""
            >
              18.67
            </td>
            <td
              className=""
            >
              739.23
            </td>
          </tr>
          <tr
            className="hoverableTr"
          >
            <td>
              1987
            </td>
            <td
              className=""
            >
              5.25
            </td>
            <td
              className=""
            >
              744.48
            </td>
          </tr>
          <tr
            className="hoverableTr"
          >
            <td>
              1988
            </td>
            <td
              className=""
            >
              16.61
            </td>
            <td
              className=""
            >
              761.09
            </td>
          </tr>
          <tr
            className="hoverableTr"
          >
            <td>
              1989
            </td>
            <td
              className=""
            >
              31.69
            </td>
            <td
              className=""
            >
              792.78
            </td>
          </tr>
          <tr
            className="hoverableTr"
          >
            <td>
              1990
            </td>
            <td
              className="negativeValue"
            >
              -3.10
            </td>
            <td
              className=""
            >
              789.68
            </td>
          </tr>
          <tr
            className="hoverableTr"
          >
            <td>
              1991
            </td>
            <td
              className=""
            >
              30.47
            </td>
            <td
              className=""
            >
              820.15
            </td>
          </tr>
          <tr
            className="hoverableTr"
          >
            <td>
              1992
            </td>
            <td
              className=""
            >
              7.62
            </td>
            <td
              className=""
            >
              827.77
            </td>
          </tr>
          <tr
            className="hoverableTr"
          >
            <td>
              1993
            </td>
            <td
              className=""
            >
              10.08
            </td>
            <td
              className=""
            >
              837.85
            </td>
          </tr>
          <tr
            className="hoverableTr"
          >
            <td>
              1994
            </td>
            <td
              className=""
            >
              1.32
            </td>
            <td
              className=""
            >
              839.17
            </td>
          </tr>
          <tr
            className="hoverableTr"
          >
            <td>
              1995
            </td>
            <td
              className=""
            >
              37.58
            </td>
            <td
              className=""
            >
              876.75
            </td>
          </tr>
          <tr
            className="hoverableTr"
          >
            <td>
              1996
            </td>
            <td
              className=""
            >
              22.96
            </td>
            <td
              className=""
            >
              899.71
            </td>
          </tr>
          <tr
            className="hoverableTr"
          >
            <td>
              1997
            </td>
            <td
              className=""
            >
              33.36
            </td>
            <td
              className=""
            >
              933.07
            </td>
          </tr>
          <tr
            className="hoverableTr"
          >
            <td>
              1998
            </td>
            <td
              className=""
            >
              28.58
            </td>
            <td
              className=""
            >
              961.65
            </td>
          </tr>
          <tr
            className="hoverableTr"
          >
            <td>
              1999
            </td>
            <td
              className=""
            >
              21.04
            </td>
            <td
              className=""
            >
              982.69
            </td>
          </tr>
          <tr
            className="hoverableTr"
          >
            <td>
              2000
            </td>
            <td
              className="negativeValue"
            >
              -9.10
            </td>
            <td
              className=""
            >
              973.59
            </td>
          </tr>
          <tr
            className="hoverableTr"
          >
            <td>
              2001
            </td>
            <td
              className="negativeValue"
            >
              -11.89
            </td>
            <td
              className=""
            >
              961.70
            </td>
          </tr>
          <tr
            className="hoverableTr"
          >
            <td>
              2002
            </td>
            <td
              className="negativeValue"
            >
              -22.10
            </td>
            <td
              className=""
            >
              939.60
            </td>
          </tr>
          <tr
            className="hoverableTr"
          >
            <td>
              2003
            </td>
            <td
              className=""
            >
              28.68
            </td>
            <td
              className=""
            >
              968.28
            </td>
          </tr>
          <tr
            className="hoverableTr"
          >
            <td>
              2004
            </td>
            <td
              className=""
            >
              10.88
            </td>
            <td
              className=""
            >
              979.16
            </td>
          </tr>
          <tr
            className="hoverableTr"
          >
            <td>
              2005
            </td>
            <td
              className=""
            >
              4.91
            </td>
            <td
              className=""
            >
              984.07
            </td>
          </tr>
          <tr
            className="hoverableTr"
          >
            <td>
              2006
            </td>
            <td
              className=""
            >
              15.79
            </td>
            <td
              className=""
            >
              999.86
            </td>
          </tr>
          <tr
            className="hoverableTr"
          >
            <td>
              2007
            </td>
            <td
              className=""
            >
              5.49
            </td>
            <td
              className=""
            >
              1005.35
            </td>
          </tr>
          <tr
            className="hoverableTr"
          >
            <td>
              2008
            </td>
            <td
              className="negativeValue"
            >
              -37.00
            </td>
            <td
              className=""
            >
              968.35
            </td>
          </tr>
          <tr
            className="hoverableTr"
          >
            <td>
              2009
            </td>
            <td
              className=""
            >
              26.46
            </td>
            <td
              className=""
            >
              994.81
            </td>
          </tr>
          <tr
            className="hoverableTr"
          >
            <td>
              2010
            </td>
            <td
              className=""
            >
              15.06
            </td>
            <td
              className=""
            >
              1009.87
            </td>
          </tr>
          <tr
            className="hoverableTr"
          >
            <td>
              2011
            </td>
            <td
              className=""
            >
              2.11
            </td>
            <td
              className=""
            >
              1011.98
            </td>
          </tr>
          <tr
            className="hoverableTr"
          >
            <td>
              2012
            </td>
            <td
              className=""
            >
              16.00
            </td>
            <td
              className=""
            >
              1027.98
            </td>
          </tr>
          <tr
            className="hoverableTr"
          >
            <td>
              2013
            </td>
            <td
              className=""
            >
              32.39
            </td>
            <td
              className=""
            >
              1060.37
            </td>
          </tr>
          <tr
            className="hoverableTr"
          >
            <td>
              2014
            </td>
            <td
              className=""
            >
              13.69
            </td>
            <td
              className=""
            >
              1074.06
            </td>
          </tr>
          <tr
            className="hoverableTr"
          >
            <td>
              2015
            </td>
            <td
              className=""
            >
              1.38
            </td>
            <td
              className=""
            >
              1075.44
            </td>
          </tr>
          <tr
            className="hoverableTr"
          >
            <td>
              2016
            </td>
            <td
              className=""
            >
              11.96
            </td>
            <td
              className=""
            >
              1087.40
            </td>
          </tr>
          <tr
            className="hoverableTr"
          >
            <td>
              2017
            </td>
            <td
              className=""
            >
              21.83
            </td>
            <td
              className=""
            >
              1109.23
            </td>
          </tr>
          <tr
            className="hoverableTr"
          >
            <td>
              2018
            </td>
            <td
              className="negativeValue"
            >
              -4.38
            </td>
            <td
              className=""
            >
              1104.85
            </td>
          </tr>
          <tr
            className="hoverableTr"
          >
            <td>
              2019
            </td>
            <td
              className=""
            >
              31.49
            </td>
            <td
              className=""
            >
              1136.34
            </td>
          </tr>
        </tbody>
      </table>
    </section>
  </main>,
]
`;
